426 training frames, 9 validation: ['4Z4A4667', '5M0A8089', 'IMG_3582']
5963 MP of training mosaic
2.15 M parameters
step 2000  loss 0.5196  @1σ0.01: 44.79 (38.19)  @1σ0.03: 32.65 (23.27)  @1σ0.1: 23.65 (14.56)  @2σ0.01: 37.44 (32.12)  @2σ0.03: 31.27 (22.83)  @2σ0.1: 23.36 (14.46)  @3σ0.01: 34.34 (31.07)  @3σ0.03: 30.70 (22.89)  @3σ0.1: 23.43 (14.44)  4.7 min
step 4000  loss 0.4026  @1σ0.01: 46.28 (38.19)  @1σ0.03: 34.56 (23.27)  @1σ0.1: 24.75 (14.56)  @2σ0.01: 39.28 (32.12)  @2σ0.03: 32.47 (22.83)  @2σ0.1: 24.49 (14.46)  @3σ0.01: 36.01 (31.07)  @3σ0.03: 32.22 (22.89)  @3σ0.1: 24.13 (14.44)  9.3 min
step 6000  loss 0.3457  @1σ0.01: 47.07 (38.18)  @1σ0.03: 36.32 (23.27)  @1σ0.1: 25.36 (14.56)  @2σ0.01: 40.46 (32.12)  @2σ0.03: 33.45 (22.83)  @2σ0.1: 25.21 (14.46)  @3σ0.01: 37.00 (31.07)  @3σ0.03: 33.35 (22.89)  @3σ0.1: 24.56 (14.44)  13.8 min
step 8000  loss 0.3170  @1σ0.01: 47.39 (38.19)  @1σ0.03: 37.10 (23.27)  @1σ0.1: 26.21 (14.56)  @2σ0.01: 40.95 (32.12)  @2σ0.03: 33.89 (22.83)  @2σ0.1: 25.97 (14.46)  @3σ0.01: 37.48 (31.07)  @3σ0.03: 33.88 (22.89)  @3σ0.1: 25.02 (14.44)  18.4 min
step 10000  loss 0.3041  @1σ0.01: 47.56 (38.19)  @1σ0.03: 37.49 (23.27)  @1σ0.1: 27.05 (14.56)  @2σ0.01: 41.20 (32.12)  @2σ0.03: 34.11 (22.83)  @2σ0.1: 26.64 (14.46)  @3σ0.01: 37.78 (31.07)  @3σ0.03: 34.16 (22.89)  @3σ0.1: 25.54 (14.44)  23.0 min
step 12000  loss 0.2916  @1σ0.01: 47.63 (38.19)  @1σ0.03: 37.71 (23.27)  @1σ0.1: 26.99 (14.56)  @2σ0.01: 41.32 (32.12)  @2σ0.03: 34.23 (22.83)  @2σ0.1: 26.62 (14.46)  @3σ0.01: 37.94 (31.07)  @3σ0.03: 34.32 (22.89)  @3σ0.1: 25.48 (14.44)  27.6 min
step 14000  loss 0.2992  @1σ0.01: 47.69 (38.19)  @1σ0.03: 37.85 (23.27)  @1σ0.1: 27.33 (14.56)  @2σ0.01: 41.40 (32.12)  @2σ0.03: 34.33 (22.83)  @2σ0.1: 26.95 (14.46)  @3σ0.01: 38.06 (31.07)  @3σ0.03: 34.44 (22.89)  @3σ0.1: 25.77 (14.44)  32.1 min
step 16000  loss 0.2790  @1σ0.01: 47.75 (38.19)  @1σ0.03: 37.96 (23.27)  @1σ0.1: 27.65 (14.56)  @2σ0.01: 41.48 (32.12)  @2σ0.03: 34.40 (22.83)  @2σ0.1: 27.23 (14.46)  @3σ0.01: 38.14 (31.07)  @3σ0.03: 34.53 (22.89)  @3σ0.1: 25.99 (14.44)  36.7 min
step 18000  loss 0.2824  @1σ0.01: 47.78 (38.18)  @1σ0.03: 38.06 (23.27)  @1σ0.1: 27.70 (14.56)  @2σ0.01: 41.54 (32.12)  @2σ0.03: 34.45 (22.83)  @2σ0.1: 27.37 (14.46)  @3σ0.01: 38.21 (31.07)  @3σ0.03: 34.61 (22.89)  @3σ0.1: 26.10 (14.44)  41.3 min
step 20000  loss 0.2747  @1σ0.01: 47.82 (38.19)  @1σ0.03: 38.14 (23.27)  @1σ0.1: 27.88 (14.56)  @2σ0.01: 41.58 (32.12)  @2σ0.03: 34.50 (22.83)  @2σ0.1: 27.52 (14.46)  @3σ0.01: 38.26 (31.07)  @3σ0.03: 34.67 (22.89)  @3σ0.1: 26.18 (14.44)  45.8 min
step 22000  loss 0.2777  @1σ0.01: 47.84 (38.18)  @1σ0.03: 38.23 (23.27)  @1σ0.1: 28.06 (14.56)  @2σ0.01: 41.62 (32.12)  @2σ0.03: 34.53 (22.83)  @2σ0.1: 27.71 (14.46)  @3σ0.01: 38.30 (31.07)  @3σ0.03: 34.73 (22.89)  @3σ0.1: 26.37 (14.44)  50.4 min
step 24000  loss 0.2746  @1σ0.01: 47.88 (38.19)  @1σ0.03: 38.29 (23.27)  @1σ0.1: 27.98 (14.56)  @2σ0.01: 41.66 (32.12)  @2σ0.03: 34.57 (22.83)  @2σ0.1: 27.67 (14.46)  @3σ0.01: 38.33 (31.07)  @3σ0.03: 34.78 (22.89)  @3σ0.1: 26.35 (14.44)  55.0 min
step 26000  loss 0.2641  @1σ0.01: 47.88 (38.18)  @1σ0.03: 38.36 (23.27)  @1σ0.1: 28.14 (14.56)  @2σ0.01: 41.70 (32.12)  @2σ0.03: 34.60 (22.83)  @2σ0.1: 27.82 (14.46)  @3σ0.01: 38.37 (31.07)  @3σ0.03: 34.82 (22.89)  @3σ0.1: 26.51 (14.44)  59.6 min
step 28000  loss 0.2666  @1σ0.01: 47.90 (38.19)  @1σ0.03: 38.39 (23.27)  @1σ0.1: 28.47 (14.56)  @2σ0.01: 41.72 (32.12)  @2σ0.03: 34.64 (22.83)  @2σ0.1: 28.07 (14.46)  @3σ0.01: 38.39 (31.07)  @3σ0.03: 34.84 (22.89)  @3σ0.1: 26.80 (14.44)  64.1 min
step 30000  loss 0.2619  @1σ0.01: 47.91 (38.19)  @1σ0.03: 38.43 (23.27)  @1σ0.1: 28.58 (14.56)  @2σ0.01: 41.74 (32.12)  @2σ0.03: 34.66 (22.83)  @2σ0.1: 28.15 (14.46)  @3σ0.01: 38.41 (31.07)  @3σ0.03: 34.88 (22.89)  @3σ0.1: 26.81 (14.44)  68.7 min
step 32000  loss 0.2574  @1σ0.01: 47.92 (38.18)  @1σ0.03: 38.47 (23.27)  @1σ0.1: 28.84 (14.56)  @2σ0.01: 41.76 (32.12)  @2σ0.03: 34.68 (22.83)  @2σ0.1: 28.35 (14.46)  @3σ0.01: 38.43 (31.07)  @3σ0.03: 34.90 (22.89)  @3σ0.1: 27.07 (14.44)  73.3 min
step 34000  loss 0.2533  @1σ0.01: 47.94 (38.19)  @1σ0.03: 38.49 (23.27)  @1σ0.1: 28.87 (14.56)  @2σ0.01: 41.78 (32.12)  @2σ0.03: 34.70 (22.83)  @2σ0.1: 28.34 (14.46)  @3σ0.01: 38.45 (31.07)  @3σ0.03: 34.92 (22.89)  @3σ0.1: 27.07 (14.44)  77.9 min
step 36000  loss 0.2504  @1σ0.01: 47.94 (38.18)  @1σ0.03: 38.52 (23.27)  @1σ0.1: 28.94 (14.56)  @2σ0.01: 41.79 (32.12)  @2σ0.03: 34.73 (22.83)  @2σ0.1: 28.42 (14.46)  @3σ0.01: 38.46 (31.07)  @3σ0.03: 34.94 (22.89)  @3σ0.1: 27.15 (14.44)  82.4 min
step 38000  loss 0.2534  @1σ0.01: 47.96 (38.19)  @1σ0.03: 38.55 (23.27)  @1σ0.1: 29.14 (14.56)  @2σ0.01: 41.80 (32.12)  @2σ0.03: 34.73 (22.83)  @2σ0.1: 28.60 (14.46)  @3σ0.01: 38.48 (31.07)  @3σ0.03: 34.96 (22.89)  @3σ0.1: 27.31 (14.44)  87.0 min
step 40000  loss 0.2539  @1σ0.01: 47.96 (38.19)  @1σ0.03: 38.58 (23.27)  @1σ0.1: 29.34 (14.56)  @2σ0.01: 41.80 (32.12)  @2σ0.03: 34.75 (22.83)  @2σ0.1: 28.75 (14.46)  @3σ0.01: 38.48 (31.07)  @3σ0.03: 34.98 (22.89)  @3σ0.1: 27.39 (14.44)  91.6 min
step 42000  loss 0.2478  @1σ0.01: 47.96 (38.19)  @1σ0.03: 38.61 (23.27)  @1σ0.1: 29.19 (14.56)  @2σ0.01: 41.82 (32.12)  @2σ0.03: 34.75 (22.83)  @2σ0.1: 28.67 (14.46)  @3σ0.01: 38.50 (31.07)  @3σ0.03: 34.99 (22.89)  @3σ0.1: 27.34 (14.44)  96.1 min
step 44000  loss 0.2414  @1σ0.01: 47.97 (38.19)  @1σ0.03: 38.63 (23.27)  @1σ0.1: 29.64 (14.56)  @2σ0.01: 41.83 (32.12)  @2σ0.03: 34.76 (22.83)  @2σ0.1: 28.96 (14.46)  @3σ0.01: 38.50 (31.07)  @3σ0.03: 35.00 (22.89)  @3σ0.1: 27.77 (14.44)  100.7 min
step 46000  loss 0.2451  @1σ0.01: 47.96 (38.18)  @1σ0.03: 38.66 (23.27)  @1σ0.1: 29.44 (14.56)  @2σ0.01: 41.82 (32.12)  @2σ0.03: 34.77 (22.83)  @2σ0.1: 28.84 (14.46)  @3σ0.01: 38.51 (31.07)  @3σ0.03: 35.01 (22.89)  @3σ0.1: 27.59 (14.44)  105.3 min
step 48000  loss 0.2442  @1σ0.01: 47.95 (38.19)  @1σ0.03: 38.68 (23.27)  @1σ0.1: 29.33 (14.56)  @2σ0.01: 41.81 (32.12)  @2σ0.03: 34.77 (22.83)  @2σ0.1: 28.77 (14.46)  @3σ0.01: 38.50 (31.07)  @3σ0.03: 35.02 (22.89)  @3σ0.1: 27.53 (14.44)  109.9 min
step 50000  loss 0.2406  @1σ0.01: 47.99 (38.19)  @1σ0.03: 38.67 (23.27)  @1σ0.1: 29.58 (14.56)  @2σ0.01: 41.84 (32.12)  @2σ0.03: 34.78 (22.83)  @2σ0.1: 28.88 (14.46)  @3σ0.01: 38.52 (31.07)  @3σ0.03: 35.02 (22.89)  @3σ0.1: 27.66 (14.44)  114.4 min
step 52000  loss 0.2436  @1σ0.01: 47.99 (38.19)  @1σ0.03: 38.66 (23.27)  @1σ0.1: 29.69 (14.56)  @2σ0.01: 41.85 (32.12)  @2σ0.03: 34.78 (22.83)  @2σ0.1: 28.98 (14.46)  @3σ0.01: 38.54 (31.07)  @3σ0.03: 35.02 (22.89)  @3σ0.1: 27.72 (14.44)  119.0 min
step 54000  loss 0.2427  @1σ0.01: 48.00 (38.19)  @1σ0.03: 38.64 (23.27)  @1σ0.1: 29.73 (14.56)  @2σ0.01: 41.86 (32.12)  @2σ0.03: 34.77 (22.83)  @2σ0.1: 28.98 (14.46)  @3σ0.01: 38.54 (31.07)  @3σ0.03: 35.01 (22.89)  @3σ0.1: 27.75 (14.44)  123.6 min
step 56000  loss 0.2393  @1σ0.01: 47.99 (38.19)  @1σ0.03: 38.67 (23.27)  @1σ0.1: 29.87 (14.56)  @2σ0.01: 41.86 (32.12)  @2σ0.03: 34.78 (22.83)  @2σ0.1: 29.03 (14.46)  @3σ0.01: 38.54 (31.07)  @3σ0.03: 35.02 (22.89)  @3σ0.1: 27.86 (14.44)  128.2 min
step 58000  loss 0.2401  @1σ0.01: 47.99 (38.19)  @1σ0.03: 38.68 (23.27)  @1σ0.1: 29.70 (14.56)  @2σ0.01: 41.86 (32.12)  @2σ0.03: 34.78 (22.83)  @2σ0.1: 28.94 (14.46)  @3σ0.01: 38.54 (31.07)  @3σ0.03: 35.02 (22.89)  @3σ0.1: 27.75 (14.44)  132.7 min
step 60000  loss 0.2437  @1σ0.01: 47.97 (38.19)  @1σ0.03: 38.69 (23.27)  @1σ0.1: 29.79 (14.56)  @2σ0.01: 41.85 (32.12)  @2σ0.03: 34.78 (22.83)  @2σ0.1: 29.03 (14.46)  @3σ0.01: 38.54 (31.07)  @3σ0.03: 35.03 (22.89)  @3σ0.1: 27.79 (14.44)  137.3 min
