624 training frames, 9 validation: ['4Z4A4667', '5M0A8089', 'IMG_3582']
9031 MP of training mosaic
2.26 M parameters
step 4000  loss 0.3784  @1σ0.01: 46.19 (38.19)  @1σ0.03: 34.88 (23.27)  @1σ0.1: 24.95 (14.56)  @2σ0.01: 39.64 (32.12)  @2σ0.03: 32.62 (22.83)  @2σ0.1: 24.82 (14.46)  @3σ0.01: 36.59 (31.07)  @3σ0.03: 32.50 (22.89)  @3σ0.1: 24.34 (14.44)  13.7 min
step 8000  loss 0.3155  @1σ0.01: 47.57 (38.18)  @1σ0.03: 37.38 (23.28)  @1σ0.1: 26.32 (14.56)  @2σ0.01: 41.22 (32.12)  @2σ0.03: 34.05 (22.83)  @2σ0.1: 26.19 (14.46)  @3σ0.01: 37.81 (31.07)  @3σ0.03: 34.14 (22.89)  @3σ0.1: 25.39 (14.44)  26.9 min
step 12000  loss 0.3110  @1σ0.01: 47.77 (38.19)  @1σ0.03: 38.04 (23.28)  @1σ0.1: 26.85 (14.56)  @2σ0.01: 41.51 (32.12)  @2σ0.03: 34.37 (22.83)  @2σ0.1: 26.71 (14.46)  @3σ0.01: 38.13 (31.07)  @3σ0.03: 34.55 (22.89)  @3σ0.1: 25.63 (14.44)  40.1 min
step 16000  loss 0.2999  @1σ0.01: 47.84 (38.18)  @1σ0.03: 38.17 (23.27)  @1σ0.1: 27.66 (14.56)  @2σ0.01: 41.65 (32.12)  @2σ0.03: 34.52 (22.83)  @2σ0.1: 27.51 (14.46)  @3σ0.01: 38.31 (31.07)  @3σ0.03: 34.73 (22.89)  @3σ0.1: 26.37 (14.44)  53.3 min
step 20000  loss 0.2903  @1σ0.01: 47.90 (38.18)  @1σ0.03: 38.31 (23.27)  @1σ0.1: 27.54 (14.56)  @2σ0.01: 41.73 (32.12)  @2σ0.03: 34.61 (22.83)  @2σ0.1: 27.55 (14.46)  @3σ0.01: 38.40 (31.07)  @3σ0.03: 34.84 (22.89)  @3σ0.1: 26.36 (14.44)  66.5 min
step 24000  loss 0.2902  @1σ0.01: 47.94 (38.18)  @1σ0.03: 38.43 (23.28)  @1σ0.1: 27.75 (14.56)  @2σ0.01: 41.79 (32.12)  @2σ0.03: 34.67 (22.83)  @2σ0.1: 27.61 (14.46)  @3σ0.01: 38.46 (31.07)  @3σ0.03: 34.90 (22.89)  @3σ0.1: 26.32 (14.44)  79.7 min
step 28000  loss 0.2851  @1σ0.01: 47.95 (38.19)  @1σ0.03: 38.45 (23.27)  @1σ0.1: 27.56 (14.56)  @2σ0.01: 41.83 (32.12)  @2σ0.03: 34.72 (22.83)  @2σ0.1: 27.64 (14.46)  @3σ0.01: 38.51 (31.07)  @3σ0.03: 34.96 (22.89)  @3σ0.1: 26.37 (14.44)  93.0 min
step 32000  loss 0.2742  @1σ0.01: 47.98 (38.18)  @1σ0.03: 38.53 (23.27)  @1σ0.1: 28.29 (14.56)  @2σ0.01: 41.87 (32.12)  @2σ0.03: 34.75 (22.83)  @2σ0.1: 28.19 (14.46)  @3σ0.01: 38.55 (31.07)  @3σ0.03: 35.01 (22.89)  @3σ0.1: 26.97 (14.44)  106.1 min
step 36000  loss 0.2705  @1σ0.01: 48.00 (38.19)  @1σ0.03: 38.57 (23.27)  @1σ0.1: 28.65 (14.56)  @2σ0.01: 41.89 (32.12)  @2σ0.03: 34.78 (22.83)  @2σ0.1: 28.30 (14.46)  @3σ0.01: 38.58 (31.07)  @3σ0.03: 35.05 (22.89)  @3σ0.1: 27.02 (14.44)  119.3 min
step 40000  loss 0.2762  @1σ0.01: 48.00 (38.18)  @1σ0.03: 38.59 (23.27)  @1σ0.1: 28.55 (14.56)  @2σ0.01: 41.90 (32.12)  @2σ0.03: 34.80 (22.83)  @2σ0.1: 28.46 (14.46)  @3σ0.01: 38.60 (31.07)  @3σ0.03: 35.08 (22.89)  @3σ0.1: 27.09 (14.44)  132.5 min
step 44000  loss 0.2732  @1σ0.01: 48.00 (38.18)  @1σ0.03: 38.70 (23.28)  @1σ0.1: 28.95 (14.56)  @2σ0.01: 41.91 (32.12)  @2σ0.03: 34.82 (22.83)  @2σ0.1: 28.53 (14.46)  @3σ0.01: 38.61 (31.07)  @3σ0.03: 35.11 (22.89)  @3σ0.1: 27.16 (14.44)  145.7 min
step 48000  loss 0.2658  @1σ0.01: 47.99 (38.19)  @1σ0.03: 38.74 (23.28)  @1σ0.1: 29.14 (14.56)  @2σ0.01: 41.93 (32.12)  @2σ0.03: 34.84 (22.83)  @2σ0.1: 28.74 (14.46)  @3σ0.01: 38.63 (31.07)  @3σ0.03: 35.13 (22.89)  @3σ0.1: 27.40 (14.44)  158.9 min
step 52000  loss 0.2668  @1σ0.01: 48.03 (38.19)  @1σ0.03: 38.71 (23.27)  @1σ0.1: 28.69 (14.56)  @2σ0.01: 41.94 (32.12)  @2σ0.03: 34.85 (22.83)  @2σ0.1: 28.70 (14.46)  @3σ0.01: 38.65 (31.07)  @3σ0.03: 35.15 (22.89)  @3σ0.1: 27.38 (14.44)  172.1 min
step 56000  loss 0.2645  @1σ0.01: 48.03 (38.19)  @1σ0.03: 38.83 (23.28)  @1σ0.1: 29.28 (14.56)  @2σ0.01: 41.93 (32.12)  @2σ0.03: 34.87 (22.83)  @2σ0.1: 28.81 (14.46)  @3σ0.01: 38.65 (31.07)  @3σ0.03: 35.17 (22.89)  @3σ0.1: 27.48 (14.44)  185.3 min
step 60000  loss 0.2623  @1σ0.01: 48.05 (38.18)  @1σ0.03: 38.78 (23.27)  @1σ0.1: 29.32 (14.56)  @2σ0.01: 41.97 (32.12)  @2σ0.03: 34.89 (22.83)  @2σ0.1: 28.88 (14.46)  @3σ0.01: 38.67 (31.07)  @3σ0.03: 35.20 (22.89)  @3σ0.1: 27.71 (14.44)  198.4 min
step 64000  loss 0.2612  @1σ0.01: 48.04 (38.19)  @1σ0.03: 38.78 (23.27)  @1σ0.1: 28.73 (14.56)  @2σ0.01: 41.96 (32.12)  @2σ0.03: 34.89 (22.83)  @2σ0.1: 28.78 (14.46)  @3σ0.01: 38.68 (31.07)  @3σ0.03: 35.21 (22.89)  @3σ0.1: 27.57 (14.44)  211.6 min
step 68000  loss 0.2589  @1σ0.01: 48.04 (38.19)  @1σ0.03: 38.79 (23.27)  @1σ0.1: 29.13 (14.56)  @2σ0.01: 41.97 (32.12)  @2σ0.03: 34.90 (22.83)  @2σ0.1: 28.73 (14.46)  @3σ0.01: 38.68 (31.07)  @3σ0.03: 35.20 (22.89)  @3σ0.1: 27.49 (14.44)  224.8 min
step 72000  loss 0.2604  @1σ0.01: 48.06 (38.19)  @1σ0.03: 38.90 (23.28)  @1σ0.1: 29.39 (14.56)  @2σ0.01: 41.98 (32.12)  @2σ0.03: 34.92 (22.83)  @2σ0.1: 28.89 (14.46)  @3σ0.01: 38.69 (31.07)  @3σ0.03: 35.23 (22.89)  @3σ0.1: 27.82 (14.44)  238.0 min
step 76000  loss 0.2559  @1σ0.01: 48.04 (38.19)  @1σ0.03: 38.92 (23.28)  @1σ0.1: 29.68 (14.56)  @2σ0.01: 41.99 (32.12)  @2σ0.03: 34.93 (22.83)  @2σ0.1: 29.00 (14.46)  @3σ0.01: 38.70 (31.07)  @3σ0.03: 35.25 (22.89)  @3σ0.1: 27.90 (14.44)  251.2 min
step 80000  loss 0.2586  @1σ0.01: 48.07 (38.19)  @1σ0.03: 38.95 (23.28)  @1σ0.1: 29.48 (14.56)  @2σ0.01: 41.99 (32.12)  @2σ0.03: 34.95 (22.83)  @2σ0.1: 28.87 (14.46)  @3σ0.01: 38.71 (31.07)  @3σ0.03: 35.26 (22.89)  @3σ0.1: 27.77 (14.44)  264.4 min
step 84000  loss 0.2588  @1σ0.01: 48.06 (38.19)  @1σ0.03: 38.93 (23.28)  @1σ0.1: 29.64 (14.56)  @2σ0.01: 41.98 (32.12)  @2σ0.03: 34.94 (22.83)  @2σ0.1: 29.02 (14.46)  @3σ0.01: 38.71 (31.07)  @3σ0.03: 35.24 (22.89)  @3σ0.1: 28.05 (14.44)  277.6 min
step 88000  loss 0.2553  @1σ0.01: 48.07 (38.18)  @1σ0.03: 38.87 (23.27)  @1σ0.1: 29.46 (14.56)  @2σ0.01: 42.01 (32.12)  @2σ0.03: 34.95 (22.83)  @2σ0.1: 29.06 (14.46)  @3σ0.01: 38.72 (31.07)  @3σ0.03: 35.26 (22.89)  @3σ0.1: 28.06 (14.44)  290.8 min
step 92000  loss 0.2491  @1σ0.01: 48.07 (38.18)  @1σ0.03: 38.89 (23.27)  @1σ0.1: 29.53 (14.56)  @2σ0.01: 42.00 (32.12)  @2σ0.03: 34.96 (22.83)  @2σ0.1: 29.09 (14.46)  @3σ0.01: 38.72 (31.07)  @3σ0.03: 35.27 (22.89)  @3σ0.1: 28.16 (14.44)  303.9 min
step 96000  loss 0.2511  @1σ0.01: 48.08 (38.18)  @1σ0.03: 38.92 (23.27)  @1σ0.1: 29.67 (14.56)  @2σ0.01: 42.02 (32.12)  @2σ0.03: 34.98 (22.83)  @2σ0.1: 29.17 (14.46)  @3σ0.01: 38.73 (31.07)  @3σ0.03: 35.29 (22.89)  @3σ0.1: 28.28 (14.44)  317.0 min
step 100000  loss 0.2481  @1σ0.01: 48.08 (38.18)  @1σ0.03: 38.90 (23.27)  @1σ0.1: 29.83 (14.56)  @2σ0.01: 42.02 (32.12)  @2σ0.03: 34.98 (22.83)  @2σ0.1: 29.25 (14.46)  @3σ0.01: 38.74 (31.07)  @3σ0.03: 35.28 (22.89)  @3σ0.1: 28.34 (14.44)  330.4 min
step 104000  loss 0.2503  @1σ0.01: 48.08 (38.18)  @1σ0.03: 38.89 (23.27)  @1σ0.1: 30.11 (14.56)  @2σ0.01: 42.01 (32.12)  @2σ0.03: 34.98 (22.83)  @2σ0.1: 29.28 (14.46)  @3σ0.01: 38.73 (31.07)  @3σ0.03: 35.28 (22.89)  @3σ0.1: 28.37 (14.44)  343.5 min
step 108000  loss 0.2512  @1σ0.01: 48.07 (38.18)  @1σ0.03: 38.94 (23.27)  @1σ0.1: 30.49 (14.56)  @2σ0.01: 42.01 (32.12)  @2σ0.03: 34.98 (22.83)  @2σ0.1: 29.34 (14.46)  @3σ0.01: 38.73 (31.07)  @3σ0.03: 35.28 (22.89)  @3σ0.1: 28.47 (14.44)  356.7 min
step 112000  loss 0.2499  @1σ0.01: 48.07 (38.19)  @1σ0.03: 38.99 (23.28)  @1σ0.1: 29.99 (14.56)  @2σ0.01: 42.01 (32.12)  @2σ0.03: 34.98 (22.83)  @2σ0.1: 29.26 (14.46)  @3σ0.01: 38.73 (31.07)  @3σ0.03: 35.28 (22.89)  @3σ0.1: 28.39 (14.44)  369.9 min
step 116000  loss 0.2504  @1σ0.01: 48.07 (38.18)  @1σ0.03: 38.90 (23.27)  @1σ0.1: 29.86 (14.56)  @2σ0.01: 42.01 (32.12)  @2σ0.03: 34.97 (22.83)  @2σ0.1: 29.19 (14.46)  @3σ0.01: 38.73 (31.07)  @3σ0.03: 35.28 (22.89)  @3σ0.1: 28.38 (14.44)  383.1 min
step 120000  loss 0.2440  @1σ0.01: 48.06 (38.19)  @1σ0.03: 38.91 (23.27)  @1σ0.1: 30.35 (14.56)  @2σ0.01: 42.01 (32.12)  @2σ0.03: 34.97 (22.83)  @2σ0.1: 29.20 (14.46)  @3σ0.01: 38.72 (31.07)  @3σ0.03: 35.28 (22.89)  @3σ0.1: 28.39 (14.44)  396.2 min
