228 training frames, 9 validation: ['4Z4A4667', '5M0A8089', 'IMG_3582']
3695 MP of training mosaic
1.96 M parameters
step 2000  loss 0.4193  @1σ0.01: 39.68 (38.19)  @1σ0.03: 33.36 (23.27)  @1σ0.1: 25.52 (14.56)  @2σ0.01: 36.10 (32.12)  @2σ0.03: 31.24 (22.83)  @2σ0.1: 25.00 (14.46)  @3σ0.01: 32.26 (31.07)  @3σ0.03: 30.62 (22.89)  @3σ0.1: 24.76 (14.44)  2.0 min
step 4000  loss 0.3375  @1σ0.01: 42.39 (38.19)  @1σ0.03: 35.18 (23.27)  @1σ0.1: 27.69 (14.56)  @2σ0.01: 38.12 (32.12)  @2σ0.03: 32.53 (22.83)  @2σ0.1: 26.77 (14.46)  @3σ0.01: 34.34 (31.07)  @3σ0.03: 32.11 (22.89)  @3σ0.1: 26.44 (14.44)  3.6 min
step 6000  loss 0.3381  @1σ0.01: 46.20 (38.19)  @1σ0.03: 36.10 (23.27)  @1σ0.1: 29.18 (14.56)  @2σ0.01: 39.00 (32.12)  @2σ0.03: 33.08 (22.83)  @2σ0.1: 27.97 (14.46)  @3σ0.01: 35.21 (31.07)  @3σ0.03: 32.76 (22.89)  @3σ0.1: 27.50 (14.44)  5.2 min
step 8000  loss 0.2933  @1σ0.01: 46.67 (38.19)  @1σ0.03: 36.69 (23.27)  @1σ0.1: 30.10 (14.56)  @2σ0.01: 39.64 (32.12)  @2σ0.03: 33.48 (22.83)  @2σ0.1: 28.82 (14.46)  @3σ0.01: 35.83 (31.07)  @3σ0.03: 33.21 (22.89)  @3σ0.1: 28.17 (14.44)  6.7 min
step 10000  loss 0.2719  @1σ0.01: 46.95 (38.19)  @1σ0.03: 37.15 (23.27)  @1σ0.1: 30.48 (14.56)  @2σ0.01: 40.05 (32.12)  @2σ0.03: 33.73 (22.83)  @2σ0.1: 29.16 (14.46)  @3σ0.01: 36.28 (31.07)  @3σ0.03: 33.54 (22.89)  @3σ0.1: 28.49 (14.44)  8.3 min
step 12000  loss 0.2589  @1σ0.01: 47.10 (38.19)  @1σ0.03: 37.39 (23.27)  @1σ0.1: 30.76 (14.56)  @2σ0.01: 40.30 (32.12)  @2σ0.03: 33.87 (22.83)  @2σ0.1: 29.41 (14.46)  @3σ0.01: 36.60 (31.07)  @3σ0.03: 33.72 (22.89)  @3σ0.1: 28.68 (14.44)  9.9 min
step 14000  loss 0.2649  @1σ0.01: 47.24 (38.19)  @1σ0.03: 37.60 (23.27)  @1σ0.1: 30.51 (14.56)  @2σ0.01: 40.50 (32.12)  @2σ0.03: 33.97 (22.83)  @2σ0.1: 29.29 (14.46)  @3σ0.01: 36.85 (31.07)  @3σ0.03: 33.86 (22.89)  @3σ0.1: 28.48 (14.44)  11.5 min
step 16000  loss 0.2369  @1σ0.01: 47.33 (38.19)  @1σ0.03: 37.78 (23.27)  @1σ0.1: 30.78 (14.56)  @2σ0.01: 40.65 (32.12)  @2σ0.03: 34.07 (22.83)  @2σ0.1: 29.52 (14.46)  @3σ0.01: 37.05 (31.07)  @3σ0.03: 33.99 (22.89)  @3σ0.1: 28.66 (14.44)  13.1 min
step 18000  loss 0.2400  @1σ0.01: 47.38 (38.19)  @1σ0.03: 37.89 (23.27)  @1σ0.1: 30.81 (14.56)  @2σ0.01: 40.77 (32.12)  @2σ0.03: 34.12 (22.83)  @2σ0.1: 29.55 (14.46)  @3σ0.01: 37.20 (31.07)  @3σ0.03: 34.08 (22.89)  @3σ0.1: 28.64 (14.44)  14.7 min
step 20000  loss 0.2416  @1σ0.01: 47.44 (38.19)  @1σ0.03: 37.97 (23.27)  @1σ0.1: 30.68 (14.56)  @2σ0.01: 40.87 (32.12)  @2σ0.03: 34.19 (22.83)  @2σ0.1: 29.48 (14.46)  @3σ0.01: 37.32 (31.07)  @3σ0.03: 34.17 (22.89)  @3σ0.1: 28.54 (14.44)  16.3 min
step 22000  loss 0.2338  @1σ0.01: 47.46 (38.19)  @1σ0.03: 38.03 (23.27)  @1σ0.1: 30.86 (14.56)  @2σ0.01: 40.93 (32.12)  @2σ0.03: 34.22 (22.83)  @2σ0.1: 29.64 (14.46)  @3σ0.01: 37.40 (31.07)  @3σ0.03: 34.22 (22.89)  @3σ0.1: 28.66 (14.44)  17.9 min
step 24000  loss 0.2245  @1σ0.01: 47.48 (38.19)  @1σ0.03: 38.13 (23.27)  @1σ0.1: 30.71 (14.56)  @2σ0.01: 40.99 (32.12)  @2σ0.03: 34.28 (22.83)  @2σ0.1: 29.56 (14.46)  @3σ0.01: 37.47 (31.07)  @3σ0.03: 34.29 (22.89)  @3σ0.1: 28.56 (14.44)  19.5 min
step 26000  loss 0.2317  @1σ0.01: 47.49 (38.19)  @1σ0.03: 38.18 (23.27)  @1σ0.1: 30.64 (14.56)  @2σ0.01: 41.02 (32.12)  @2σ0.03: 34.31 (22.83)  @2σ0.1: 29.51 (14.46)  @3σ0.01: 37.52 (31.07)  @3σ0.03: 34.32 (22.89)  @3σ0.1: 28.47 (14.44)  21.1 min
step 28000  loss 0.2181  @1σ0.01: 47.55 (38.19)  @1σ0.03: 38.25 (23.27)  @1σ0.1: 30.62 (14.56)  @2σ0.01: 41.09 (32.12)  @2σ0.03: 34.34 (22.83)  @2σ0.1: 29.51 (14.46)  @3σ0.01: 37.59 (31.07)  @3σ0.03: 34.38 (22.89)  @3σ0.1: 28.44 (14.44)  22.7 min
step 30000  loss 0.2143  @1σ0.01: 47.58 (38.19)  @1σ0.03: 38.30 (23.27)  @1σ0.1: 31.05 (14.56)  @2σ0.01: 41.14 (32.12)  @2σ0.03: 34.38 (22.83)  @2σ0.1: 29.77 (14.46)  @3σ0.01: 37.64 (31.07)  @3σ0.03: 34.41 (22.89)  @3σ0.1: 28.70 (14.44)  24.3 min
step 32000  loss 0.2129  @1σ0.01: 47.60 (38.19)  @1σ0.03: 38.35 (23.27)  @1σ0.1: 31.17 (14.56)  @2σ0.01: 41.18 (32.12)  @2σ0.03: 34.38 (22.83)  @2σ0.1: 29.88 (14.46)  @3σ0.01: 37.68 (31.07)  @3σ0.03: 34.45 (22.89)  @3σ0.1: 28.74 (14.44)  25.9 min
step 34000  loss 0.2088  @1σ0.01: 47.62 (38.19)  @1σ0.03: 38.38 (23.27)  @1σ0.1: 31.42 (14.56)  @2σ0.01: 41.21 (32.12)  @2σ0.03: 34.41 (22.83)  @2σ0.1: 30.05 (14.46)  @3σ0.01: 37.71 (31.07)  @3σ0.03: 34.48 (22.89)  @3σ0.1: 28.93 (14.44)  27.5 min
step 36000  loss 0.2128  @1σ0.01: 47.64 (38.19)  @1σ0.03: 38.41 (23.27)  @1σ0.1: 31.50 (14.56)  @2σ0.01: 41.24 (32.12)  @2σ0.03: 34.42 (22.83)  @2σ0.1: 30.14 (14.46)  @3σ0.01: 37.75 (31.07)  @3σ0.03: 34.49 (22.89)  @3σ0.1: 29.01 (14.44)  29.1 min
step 38000  loss 0.2039  @1σ0.01: 47.67 (38.19)  @1σ0.03: 38.44 (23.27)  @1σ0.1: 31.56 (14.56)  @2σ0.01: 41.28 (32.12)  @2σ0.03: 34.44 (22.83)  @2σ0.1: 30.24 (14.46)  @3σ0.01: 37.78 (31.07)  @3σ0.03: 34.52 (22.89)  @3σ0.1: 29.15 (14.44)  30.7 min
step 40000  loss 0.1997  @1σ0.01: 47.66 (38.19)  @1σ0.03: 38.46 (23.27)  @1σ0.1: 31.35 (14.56)  @2σ0.01: 41.29 (32.12)  @2σ0.03: 34.47 (22.83)  @2σ0.1: 30.12 (14.46)  @3σ0.01: 37.79 (31.07)  @3σ0.03: 34.53 (22.89)  @3σ0.1: 28.97 (14.44)  32.3 min
step 42000  loss 0.2002  @1σ0.01: 47.66 (38.19)  @1σ0.03: 38.48 (23.27)  @1σ0.1: 31.51 (14.56)  @2σ0.01: 41.31 (32.12)  @2σ0.03: 34.49 (22.83)  @2σ0.1: 30.18 (14.46)  @3σ0.01: 37.82 (31.07)  @3σ0.03: 34.55 (22.89)  @3σ0.1: 29.16 (14.44)  33.9 min
step 44000  loss 0.1950  @1σ0.01: 47.67 (38.19)  @1σ0.03: 38.51 (23.27)  @1σ0.1: 31.69 (14.56)  @2σ0.01: 41.31 (32.12)  @2σ0.03: 34.50 (22.83)  @2σ0.1: 30.29 (14.46)  @3σ0.01: 37.83 (31.07)  @3σ0.03: 34.57 (22.89)  @3σ0.1: 29.25 (14.44)  35.5 min
step 46000  loss 0.1968  @1σ0.01: 47.67 (38.19)  @1σ0.03: 38.54 (23.27)  @1σ0.1: 31.38 (14.56)  @2σ0.01: 41.31 (32.12)  @2σ0.03: 34.52 (22.83)  @2σ0.1: 30.10 (14.46)  @3σ0.01: 37.84 (31.07)  @3σ0.03: 34.57 (22.89)  @3σ0.1: 29.04 (14.44)  37.1 min
step 48000  loss 0.1927  @1σ0.01: 47.70 (38.19)  @1σ0.03: 38.53 (23.27)  @1σ0.1: 31.63 (14.56)  @2σ0.01: 41.35 (32.12)  @2σ0.03: 34.50 (22.83)  @2σ0.1: 30.25 (14.46)  @3σ0.01: 37.86 (31.07)  @3σ0.03: 34.56 (22.89)  @3σ0.1: 29.19 (14.44)  38.7 min
step 50000  loss 0.1949  @1σ0.01: 47.71 (38.19)  @1σ0.03: 38.53 (23.27)  @1σ0.1: 31.70 (14.56)  @2σ0.01: 41.36 (32.12)  @2σ0.03: 34.50 (22.83)  @2σ0.1: 30.30 (14.46)  @3σ0.01: 37.88 (31.07)  @3σ0.03: 34.57 (22.89)  @3σ0.1: 29.26 (14.44)  40.2 min
step 52000  loss 0.1922  @1σ0.01: 47.70 (38.19)  @1σ0.03: 38.54 (23.27)  @1σ0.1: 31.64 (14.56)  @2σ0.01: 41.35 (32.12)  @2σ0.03: 34.51 (22.83)  @2σ0.1: 30.28 (14.46)  @3σ0.01: 37.88 (31.07)  @3σ0.03: 34.57 (22.89)  @3σ0.1: 29.21 (14.44)  41.2 min
step 54000  loss 0.1904  @1σ0.01: 47.65 (38.19)  @1σ0.03: 38.55 (23.27)  @1σ0.1: 31.72 (14.56)  @2σ0.01: 41.32 (32.12)  @2σ0.03: 34.50 (22.83)  @2σ0.1: 30.33 (14.46)  @3σ0.01: 37.86 (31.07)  @3σ0.03: 34.58 (22.89)  @3σ0.1: 29.31 (14.44)  42.1 min
step 56000  loss 0.1905  @1σ0.01: 47.65 (38.19)  @1σ0.03: 38.53 (23.27)  @1σ0.1: 31.80 (14.56)  @2σ0.01: 41.33 (32.12)  @2σ0.03: 34.49 (22.83)  @2σ0.1: 30.38 (14.46)  @3σ0.01: 37.87 (31.07)  @3σ0.03: 34.57 (22.89)  @3σ0.1: 29.35 (14.44)  43.0 min
step 58000  loss 0.1932  @1σ0.01: 47.70 (38.19)  @1σ0.03: 38.57 (23.27)  @1σ0.1: 31.81 (14.56)  @2σ0.01: 41.37 (32.12)  @2σ0.03: 34.51 (22.83)  @2σ0.1: 30.39 (14.46)  @3σ0.01: 37.89 (31.07)  @3σ0.03: 34.59 (22.89)  @3σ0.1: 29.37 (14.44)  43.9 min
step 60000  loss 0.1903  @1σ0.01: 47.72 (38.19)  @1σ0.03: 38.59 (23.27)  @1σ0.1: 31.87 (14.56)  @2σ0.01: 41.38 (32.12)  @2σ0.03: 34.52 (22.83)  @2σ0.1: 30.44 (14.46)  @3σ0.01: 37.90 (31.07)  @3σ0.03: 34.60 (22.89)  @3σ0.1: 29.45 (14.44)  44.8 min
